// Jest Snapshot v1, https://goo.gl/fbAQLP

exports[`Testing snapshot for Topsort's bannerImpression destination action: all fields 1`] = `
Object {
  "impressions": Array [
    Object {
      "id": "#Is04AIKNbh",
      "occurredAt": "2021-02-01T00:00:00.000Z",
      "opaqueUserId": "#Is04AIKNbh",
      "resolvedBidId": "#Is04AIKNbh",
    },
  ],
}
`;

exports[`Testing snapshot for Topsort's bannerImpression destination action: required fields 1`] = `
Object {
  "impressions": Array [
    Object {
      "id": "#Is04AIKNbh",
      "occurredAt": "2021-02-01T00:00:00.000Z",
      "opaqueUserId": "#Is04AIKNbh",
      "resolvedBidId": "#Is04AIKNbh",
    },
  ],
}
`;
